// Jest Snapshot v1, https://goo.gl/fbAQLP

exports[`Header should match snapshot 1`] = `
<header
  className="shadow"
>
  <WithStyles(ForwardRef(Container))>
    <WithStyles(ForwardRef(Grid))
      container={true}
      justify="center"
    >
      <WithStyles(ForwardRef(Grid))
        item={true}
        sm={6}
        xs={12}
      >
        <div
          className="header__content"
        >
          <SearchForm />
        </div>
        <Categories
          categories={
            Array [
              Object {
                "id": 1,
                "image_id": "f3fbf57b118fa9",
                "name": "Bakery",
              },
              Object {
                "id": 2,
                "image_id": "b271afbefdc554",
                "name": "Entrees",
              },
              Object {
                "id": 3,
                "image_id": "eba73b2361fae3",
                "name": "Drinks",
              },
            ]
          }
        />
      </WithStyles(ForwardRef(Grid))>
    </WithStyles(ForwardRef(Grid))>
  </WithStyles(ForwardRef(Container))>
  <div
    className="header__cart"
  >
    <a
      href="/cart"
    >
      <img
        alt="go to cart section"
        src="images/cart.png"
      />
    </a>
  </div>
</header>
`;
