// Jest Snapshot v1, https://goo.gl/fbAQLP

exports[`Header should match snapshot 1`] = `
<header
  className="shadow"
>
  <WithStyles(ForwardRef(Container))>
    <WithStyles(ForwardRef(Grid))
      container={true}
      justify="center"
    >
      <WithStyles(ForwardRef(Grid))
        item={true}
        sm={6}
        xs={12}
      >
        <div
          className="header__content"
        >
          <SearchForm />
        </div>
        <Categories
          categories={Array []}
        />
      </WithStyles(ForwardRef(Grid))>
    </WithStyles(ForwardRef(Grid))>
  </WithStyles(ForwardRef(Container))>
  <div
    className="header__cart"
  >
    <a
      href="/cart"
    >
      <img
        alt="go to cart section"
        src="images/cart.png"
      />
    </a>
  </div>
</header>
`;
